// Jest Snapshot v1, https://goo.gl/fbAQLP

exports[`App component renders App 1`] = `
<DocumentFragment>
  <div
    class="Header"
  >
    <h1>
      Futurama List, now with Themes!
    </h1>
    <button>
      Change Theme
    </button>
  </div>
  <ul
    class="Character"
  />
</DocumentFragment>
`;
